[www.appsaudeebemestar.com/nv27ticke.html]
[backblue.gif]
[fade.gif]
[index.html]
[media.atomicatpages.net/Images/ogimage.png]
[scripts.converteai.net/54e005c4-617e-4994-ae06-5a8798b00a52/players/692393f68dbc00147a266866/v4/player.js]
[scripts.converteai.net/lib/js/smartplayer-wc/v4/smartplayer.js]
[connect.facebook.net/en_US/fbevents.js]
[scripts.converteai.net/54e005c4-617e-4994-ae06-5a8798b00a52/players/692f8f3e1fe8f267645f6fec/v4/player.js]
[media.atomicatpages.net/library/Pictures/mhztk/YItMtR3216928be0f.png]
[media.atomicatpages.net/u/MxJavY6tj8PAlofiFdv14cHgV0j2/Pictures/mutKgg5814191.jpg]
[media.atomicatpages.net/u/MxJavY6tj8PAlofiFdv14cHgV0j2/Pictures/IYPGtN5973007.jpg]
[media.atomicatpages.net/u/MxJavY6tj8PAlofiFdv14cHgV0j2/Pictures/DBAsBY5720514.jpg]
[media.atomicatpages.net/u/MxJavY6tj8PAlofiFdv14cHgV0j2/Pictures/BbCXFH5871717.jpg]
[www.appsaudeebemestar.com/nv27ticke.html]
[www.appsaudeebemestar.com/nv27ticke/js/GkMfxC3713492.js]
[www.appsaudeebemestar.com/t.html]
[www.appsaudeebemestar.com/signals/config/index.html]
[www.appsaudeebemestar.com/e.html]
[www.appsaudeebemestar.com/t.resolvedLink]
[www.appsaudeebemestar.com/signals/plugins/index.html]
[www.appsaudeebemestar.com/schema.org/index.html]
[www.appsaudeebemestar.com/o.html]
[www.appsaudeebemestar.com/index.html]
[www.appsaudeebemestar.com/signals/iwl.js]
[www.appsaudeebemestar.com/signals/iwl0fc5.js]
[www.appsaudeebemestar.com/r.dl]
[www.appsaudeebemestar.com/r.rl]
[connect.facebook.net/en_US/fbevents.js]
[www.appsaudeebemestar.com/signals/config/index.html]
[www.appsaudeebemestar.com/t.html]
[www.appsaudeebemestar.com/e.html]
[www.appsaudeebemestar.com/signals/plugins/index.html]
[www.appsaudeebemestar.com/schema.org/index.html]
[www.appsaudeebemestar.com/index.html]
[www.appsaudeebemestar.com/t-2.html]
[www.appsaudeebemestar.com/o.html]
[www.appsaudeebemestar.com/signals/iwl.html]
[www.appsaudeebemestar.com/signals/iwl0fc5.html]
[www.appsaudeebemestar.com/r.html]
[www.appsaudeebemestar.com/r-2.html]
